

================================================================
== Synthesis Summary Report of 'calculate_matrix'
================================================================
+ General Information: 
    * Date:           Mon Aug 26 02:14:53 2024
    * Version:        2023.2.2 (Build 4101106 on Feb  9 2024)
    * Project:        HLS
    * Solution:       Basic_Solution (Vivado IP Flow Target)
    * Product family: artix7l
    * Target device:  xc7a75tl-ftg256-2L
    

+ Performance & Resource Estimates: 
    
    PS: '+' for module; 'o' for loop; '*' for dataflow
    +------------------------------------+------+------+---------+---------+----------+---------+------+----------+------+---------+-----------+-----------+-----+
    |               Modules              | Issue|      | Latency | Latency | Iteration|         | Trip |          |      |         |           |           |     |
    |               & Loops              | Type | Slack| (cycles)|   (ns)  |  Latency | Interval| Count| Pipelined| BRAM |   DSP   |     FF    |    LUT    | URAM|
    +------------------------------------+------+------+---------+---------+----------+---------+------+----------+------+---------+-----------+-----------+-----+
    |+ calculate_matrix                  |     -|  0.16|       10|  100.000|         -|       11|     -|        no|     -|  1 (~0%)|  161 (~0%)|  310 (~0%)|    -|
    | o VITIS_LOOP_11_1_VITIS_LOOP_13_2  |     -|  7.30|        8|   80.000|         6|        1|     4|       yes|     -|        -|          -|          -|    -|
    +------------------------------------+------+------+---------+---------+----------+---------+------+----------+------+---------+-----------+-----------+-----+


================================================================
== HW Interfaces
================================================================
* AP_MEMORY
+-----------------+-----------+----------+
| Port            | Direction | Bitwidth |
+-----------------+-----------+----------+
| a_address0      | out       | 2        |
| a_address1      | out       | 2        |
| a_q0            | in        | 8        |
| a_q1            | in        | 8        |
| b_address0      | out       | 2        |
| b_address1      | out       | 2        |
| b_q0            | in        | 8        |
| b_q1            | in        | 8        |
| c_address0      | out       | 2        |
| c_q0            | in        | 16       |
| result_address0 | out       | 2        |
| result_d0       | out       | 8        |
+-----------------+-----------+----------+

* TOP LEVEL CONTROL
+-----------+------------+-----------------------------------+
| Interface | Type       | Ports                             |
+-----------+------------+-----------------------------------+
| ap_clk    | clock      | ap_clk                            |
| ap_rst    | reset      | ap_rst                            |
| ap_ctrl   | ap_ctrl_hs | ap_done ap_idle ap_ready ap_start |
+-----------+------------+-----------------------------------+


================================================================
== SW I/O Information
================================================================
* Top Function Arguments
+----------+-----------+-----------------+
| Argument | Direction | Datatype        |
+----------+-----------+-----------------+
| a        | in        | unsigned char*  |
| b        | in        | unsigned char*  |
| c        | in        | unsigned short* |
| result   | out       | unsigned char*  |
+----------+-----------+-----------------+

* SW-to-HW Mapping
+----------+-----------------+---------+----------+
| Argument | HW Interface    | HW Type | HW Usage |
+----------+-----------------+---------+----------+
| a        | a_address0      | port    | offset   |
| a        | a_ce0           | port    |          |
| a        | a_q0            | port    |          |
| a        | a_address1      | port    | offset   |
| a        | a_ce1           | port    |          |
| a        | a_q1            | port    |          |
| b        | b_address0      | port    | offset   |
| b        | b_ce0           | port    |          |
| b        | b_q0            | port    |          |
| b        | b_address1      | port    | offset   |
| b        | b_ce1           | port    |          |
| b        | b_q1            | port    |          |
| c        | c_address0      | port    | offset   |
| c        | c_ce0           | port    |          |
| c        | c_q0            | port    |          |
| result   | result_address0 | port    | offset   |
| result   | result_ce0      | port    |          |
| result   | result_we0      | port    |          |
| result   | result_d0       | port    |          |
+----------+-----------------+---------+----------+


================================================================
== Bind Op Report
================================================================
+-------------------------------------+-----+--------+----------------+-----+-----------+---------+
| Name                                | DSP | Pragma | Variable       | Op  | Impl      | Latency |
+-------------------------------------+-----+--------+----------------+-----+-----------+---------+
| + calculate_matrix                  | 1   |        |                |     |           |         |
|   add_ln11_1_fu_166_p2              |     |        | add_ln11_1     | add | fabric    | 0       |
|   add_ln11_fu_178_p2                |     |        | add_ln11       | add | fabric    | 0       |
|   add_ln20_1_fu_275_p2              |     |        | add_ln20_1     | add | fabric    | 0       |
|   mac_muladd_8ns_8ns_16ns_16_4_1_U2 | 1   |        | intermediate   | mul | dsp_slice | 3       |
|   mul_8ns_8ns_16_1_1_U1             |     |        | mul_ln18       | mul | auto      | 0       |
|   mac_muladd_8ns_8ns_16ns_16_4_1_U2 | 1   |        | add_ln20       | add | dsp_slice | 3       |
|   intermediate_1_fu_294_p2          |     |        | intermediate_1 | add | fabric    | 0       |
|   add_ln13_fu_222_p2                |     |        | add_ln13       | add | fabric    | 0       |
+-------------------------------------+-----+--------+----------------+-----+-----------+---------+


================================================================
== Storage Report
================================================================
  No bind storage info in design

================================================================
== Pragma Report
================================================================
  No pragmas found

