#-----------------------------------------------------------
# Vivado v2023.2.2 (64-bit)
# SW Build 4126759 on Thu Feb  8 23:52:05 MST 2024
# IP Build 4126054 on Fri Feb  9 11:39:09 MST 2024
# SharedData Build 4115275 on Tue Jan 30 00:40:57 MST 2024
# Start of session at: Tue Apr  2 11:41:01 2024
# Process ID: 8910
# Current directory: /home/pllima0909/Documents/Git/INF01175-Digital-Systems/P01_-_Adder_1_Bit/P01_-_Adder_1_Bit.runs/synth_1
# Command line: vivado -log Adder_1_Bit.vds -product Vivado -mode batch -messageDb vivado.pb -notrace -source Adder_1_Bit.tcl
# Log file: /home/pllima0909/Documents/Git/INF01175-Digital-Systems/P01_-_Adder_1_Bit/P01_-_Adder_1_Bit.runs/synth_1/Adder_1_Bit.vds
# Journal file: /home/pllima0909/Documents/Git/INF01175-Digital-Systems/P01_-_Adder_1_Bit/P01_-_Adder_1_Bit.runs/synth_1/vivado.jou
# Running On: PLLima, OS: Linux, CPU Frequency: 1397.456 MHz, CPU Physical cores: 16, Host memory: 16106 MB
#-----------------------------------------------------------
source Adder_1_Bit.tcl -notrace
