#-----------------------------------------------------------
# Vivado v2023.2.2 (64-bit)
# SW Build 4126759 on Thu Feb  8 23:52:05 MST 2024
# IP Build 4126054 on Fri Feb  9 11:39:09 MST 2024
# SharedData Build 4115275 on Tue Jan 30 00:40:57 MST 2024
# Start of session at: Thu Apr 18 15:17:33 2024
# Process ID: 24610
# Current directory: /home/pllima0909/Documents/Git/INF01175-Digital-Systems/P04_-_Shift_Reg/P04_-_Shift_Reg.runs/synth_1
# Command line: vivado -log Shift_Reg.vds -product Vivado -mode batch -messageDb vivado.pb -notrace -source Shift_Reg.tcl
# Log file: /home/pllima0909/Documents/Git/INF01175-Digital-Systems/P04_-_Shift_Reg/P04_-_Shift_Reg.runs/synth_1/Shift_Reg.vds
# Journal file: /home/pllima0909/Documents/Git/INF01175-Digital-Systems/P04_-_Shift_Reg/P04_-_Shift_Reg.runs/synth_1/vivado.jou
# Running On: PLLima, OS: Linux, CPU Frequency: 400.000 MHz, CPU Physical cores: 16, Host memory: 16106 MB
#-----------------------------------------------------------
source Shift_Reg.tcl -notrace
