

================================================================
== Vitis HLS Report for 'matrixmul'
================================================================
* Date:           Thu Aug  8 11:40:19 2024

* Version:        2023.2.2 (Build 4101106 on Feb  9 2024)
* Project:        Matrix_Multiplication
* Solution:       Basic_Solution (Vivado IP Flow Target)
* Product family: spartan7
* Target device:  xc7s75-fgga676-1


================================================================
== Performance Estimates
================================================================
+ Timing: 
    * Summary: 
    +--------+----------+----------+------------+
    |  Clock |  Target  | Estimated| Uncertainty|
    +--------+----------+----------+------------+
    |ap_clk  |  10.00 ns|  7.387 ns|     2.70 ns|
    +--------+----------+----------+------------+

+ Latency: 
    * Summary: 
    +---------+---------+-----------+-----------+-----+-----+---------+
    |  Latency (cycles) |   Latency (absolute)  |  Interval | Pipeline|
    |   min   |   max   |    min    |    max    | min | max |   Type  |
    +---------+---------+-----------+-----------+-----+-----+---------+
    |        9|        9|  90.000 ns|  90.000 ns|   10|   10|       no|
    +---------+---------+-----------+-----------+-----+-----+---------+

    + Detail: 
        * Instance: 
        N/A

        * Loop: 
        +-----------+---------+---------+----------+-----------+-----------+------+----------+
        |           |  Latency (cycles) | Iteration|  Initiation Interval  | Trip |          |
        | Loop Name |   min   |   max   |  Latency |  achieved |   target  | Count| Pipelined|
        +-----------+---------+---------+----------+-----------+-----------+------+----------+
        |- Row_Col  |        7|        7|         5|          1|          1|     4|       yes|
        +-----------+---------+---------+----------+-----------+-----------+------+----------+



================================================================
== Utilization Estimates
================================================================
* Summary: 
+-----------------+---------+-----+-------+-------+-----+
|       Name      | BRAM_18K| DSP |   FF  |  LUT  | URAM|
+-----------------+---------+-----+-------+-------+-----+
|DSP              |        -|    1|      -|      -|    -|
|Expression       |        -|    -|      0|     78|    -|
|FIFO             |        -|    -|      -|      -|    -|
|Instance         |        -|    0|      0|     43|    -|
|Memory           |        -|    -|      -|      -|    -|
|Multiplexer      |        -|    -|      -|     72|    -|
|Register         |        -|    -|    163|     64|    -|
+-----------------+---------+-----+-------+-------+-----+
|Total            |        0|    1|    163|    257|    0|
+-----------------+---------+-----+-------+-------+-----+
|Available        |      180|  140|  96000|  48000|    0|
+-----------------+---------+-----+-------+-------+-----+
|Utilization (%)  |        0|   ~0|     ~0|     ~0|    0|
+-----------------+---------+-----+-------+-------+-----+

+ Detail: 
    * Instance: 
    +-----------------------+--------------------+---------+----+---+----+-----+
    |        Instance       |       Module       | BRAM_18K| DSP| FF| LUT| URAM|
    +-----------------------+--------------------+---------+----+---+----+-----+
    |mul_8ns_8ns_16_1_1_U1  |mul_8ns_8ns_16_1_1  |        0|   0|  0|  43|    0|
    +-----------------------+--------------------+---------+----+---+----+-----+
    |Total                  |                    |        0|   0|  0|  43|    0|
    +-----------------------+--------------------+---------+----+---+----+-----+

    * DSP: 
    +-----------------------------------+--------------------------------+--------------+
    |              Instance             |             Module             |  Expression  |
    +-----------------------------------+--------------------------------+--------------+
    |mac_muladd_8ns_8ns_16ns_16_4_1_U2  |mac_muladd_8ns_8ns_16ns_16_4_1  |  i0 + i1 * i2|
    +-----------------------------------+--------------------------------+--------------+

    * Memory: 
    N/A

    * FIFO: 
    N/A

    * Expression: 
    +-------------------------+----------+----+---+----+------------+------------+
    |      Variable Name      | Operation| DSP| FF| LUT| Bitwidth P0| Bitwidth P1|
    +-------------------------+----------+----+---+----+------------+------------+
    |add_ln54_1_fu_147_p2     |         +|   0|  0|  11|           3|           1|
    |add_ln54_fu_159_p2       |         +|   0|  0|  10|           2|           1|
    |add_ln56_fu_203_p2       |         +|   0|  0|  10|           2|           1|
    |add_ln60_1_fu_266_p2     |         +|   0|  0|  10|           2|           2|
    |ap_condition_138         |       and|   0|  0|   2|           1|           1|
    |icmp_ln54_fu_141_p2      |      icmp|   0|  0|  13|           3|           4|
    |icmp_ln56_fu_165_p2      |      icmp|   0|  0|  11|           2|           3|
    |or_ln60_fu_224_p2        |        or|   0|  0|   2|           2|           1|
    |select_ln54_1_fu_179_p3  |    select|   0|  0|   2|           1|           2|
    |select_ln54_fu_171_p3    |    select|   0|  0|   2|           1|           1|
    |ap_enable_pp0            |       xor|   0|  0|   2|           1|           2|
    |xor_ln60_fu_238_p2       |       xor|   0|  0|   3|           2|           3|
    +-------------------------+----------+----+---+----+------------+------------+
    |Total                    |          |   0|  0|  78|          22|          22|
    +-------------------------+----------+----+---+----+------------+------------+

    * Multiplexer: 
    +--------------------------------------+----+-----------+-----+-----------+
    |                 Name                 | LUT| Input Size| Bits| Total Bits|
    +--------------------------------------+----+-----------+-----+-----------+
    |ap_done_int                           |   9|          2|    1|          2|
    |ap_enable_reg_pp0_iter1               |   9|          2|    1|          2|
    |ap_sig_allocacmp_i_load               |   9|          2|    2|          4|
    |ap_sig_allocacmp_indvar_flatten_load  |   9|          2|    3|          6|
    |ap_sig_allocacmp_j_load               |   9|          2|    2|          4|
    |i_fu_52                               |   9|          2|    2|          4|
    |indvar_flatten_fu_56                  |   9|          2|    3|          6|
    |j_fu_48                               |   9|          2|    2|          4|
    +--------------------------------------+----+-----------+-----+-----------+
    |Total                                 |  72|         16|   16|         32|
    +--------------------------------------+----+-----------+-----+-----------+

    * Register: 
    +----------------------------------+----+----+-----+-----------+
    |               Name               | FF | LUT| Bits| Const Bits|
    +----------------------------------+----+----+-----+-----------+
    |ap_CS_fsm                         |   1|   0|    1|          0|
    |ap_done_reg                       |   1|   0|    1|          0|
    |ap_enable_reg_pp0_iter1           |   1|   0|    1|          0|
    |ap_enable_reg_pp0_iter2           |   1|   0|    1|          0|
    |ap_enable_reg_pp0_iter3           |   1|   0|    1|          0|
    |ap_enable_reg_pp0_iter4           |   1|   0|    1|          0|
    |ap_loop_exit_ready_pp0_iter1_reg  |   1|   0|    1|          0|
    |ap_loop_exit_ready_pp0_iter2_reg  |   1|   0|    1|          0|
    |ap_loop_exit_ready_pp0_iter3_reg  |   1|   0|    1|          0|
    |i_fu_52                           |   2|   0|    2|          0|
    |indvar_flatten_fu_56              |   3|   0|    3|          0|
    |j_fu_48                           |   2|   0|    2|          0|
    |mul_ln60_1_reg_350                |  16|   0|   16|          0|
    |select_ln54_reg_308               |   2|   0|    2|          0|
    |shl_ln60_reg_314                  |   1|   0|    2|          1|
    |select_ln54_reg_308               |  64|  32|    2|          0|
    |shl_ln60_reg_314                  |  64|  32|    2|          1|
    +----------------------------------+----+----+-----+-----------+
    |Total                             | 163|  64|   40|          2|
    +----------------------------------+----+----+-----+-----------+



================================================================
== Interface
================================================================
* Summary: 
+--------------+-----+-----+------------+--------------+--------------+
|   RTL Ports  | Dir | Bits|  Protocol  | Source Object|    C Type    |
+--------------+-----+-----+------------+--------------+--------------+
|ap_clk        |   in|    1|  ap_ctrl_hs|     matrixmul|  return value|
|ap_rst        |   in|    1|  ap_ctrl_hs|     matrixmul|  return value|
|ap_start      |   in|    1|  ap_ctrl_hs|     matrixmul|  return value|
|ap_done       |  out|    1|  ap_ctrl_hs|     matrixmul|  return value|
|ap_idle       |  out|    1|  ap_ctrl_hs|     matrixmul|  return value|
|ap_ready      |  out|    1|  ap_ctrl_hs|     matrixmul|  return value|
|a_address0    |  out|    2|   ap_memory|             a|         array|
|a_ce0         |  out|    1|   ap_memory|             a|         array|
|a_q0          |   in|    8|   ap_memory|             a|         array|
|a_address1    |  out|    2|   ap_memory|             a|         array|
|a_ce1         |  out|    1|   ap_memory|             a|         array|
|a_q1          |   in|    8|   ap_memory|             a|         array|
|b_address0    |  out|    2|   ap_memory|             b|         array|
|b_ce0         |  out|    1|   ap_memory|             b|         array|
|b_q0          |   in|    8|   ap_memory|             b|         array|
|b_address1    |  out|    2|   ap_memory|             b|         array|
|b_ce1         |  out|    1|   ap_memory|             b|         array|
|b_q1          |   in|    8|   ap_memory|             b|         array|
|res_address0  |  out|    2|   ap_memory|           res|         array|
|res_ce0       |  out|    1|   ap_memory|           res|         array|
|res_we0       |  out|    1|   ap_memory|           res|         array|
|res_d0        |  out|   16|   ap_memory|           res|         array|
+--------------+-----+-----+------------+--------------+--------------+

